// Jest Snapshot v1, https://goo.gl/fbAQLP

exports[`RegisterScreen renders register screen correctly (snapshot) 1`] = `
<View
  style={
    {
      "alignItems": "center",
      "backgroundColor": "#F8F8F8",
      "flex": 1,
      "justifyContent": "center",
      "paddingHorizontal": 40,
    }
  }
>
  <Text
    style={
      {
        "color": "#401201",
        "fontSize": 28,
        "fontWeight": "bold",
        "marginBottom": 20,
        "textAlign": "center",
      }
    }
  >
    Welcome to TailorTech!
  </Text>
  <View
    style={
      {
        "marginBottom": 20,
        "width": "100%",
      }
    }
  >
    <View
      style={
        {
          "borderBottomColor": "#401201",
          "borderBottomWidth": 1,
          "marginBottom": 10,
          "width": "100%",
        }
      }
    >
      <TextInput
        onChangeText={[Function]}
        placeholder="Name"
        style={
          {
            "fontSize": 16,
            "height": 50,
            "paddingHorizontal": 10,
          }
        }
        value=""
      />
    </View>
    <View
      style={
        {
          "borderBottomColor": "#401201",
          "borderBottomWidth": 1,
          "marginBottom": 10,
          "width": "100%",
        }
      }
    >
      <TextInput
        onChangeText={[Function]}
        placeholder="Email"
        style={
          {
            "fontSize": 16,
            "height": 50,
            "paddingHorizontal": 10,
          }
        }
        value=""
      />
    </View>
    <View
      style={
        {
          "borderBottomColor": "#401201",
          "borderBottomWidth": 1,
          "marginBottom": 10,
          "width": "100%",
        }
      }
    >
      <TextInput
        onChangeText={[Function]}
        placeholder="Password"
        secureTextEntry={true}
        style={
          {
            "fontSize": 16,
            "height": 50,
            "paddingHorizontal": 10,
          }
        }
        value=""
      />
    </View>
    <Text
      style={
        {
          "fontSize": 16,
          "marginBottom": 0,
          "marginTop": 0,
          "paddingHorizontal": 0,
          "paddingVertical": 0,
        }
      }
    >
      Password Requirements:
    </Text>
    <View
      style={
        {
          "alignItems": "flex-start",
          "flexDirection": "column",
          "gap": 0,
        }
      }
    >
      <View
        style={
          {
            "alignItems": "center",
            "flexDirection": "row",
          }
        }
      >
        <input
          checked={false}
          disabled={true}
          style={
            {
              "color": "#C1AEA7",
            }
          }
          type="checkbox"
        />
        <Text
          style={
            {
              "fontSize": 16,
              "marginBottom": 0,
              "marginTop": 0,
              "paddingHorizontal": 0,
              "paddingVertical": 0,
            }
          }
        >
          Mininum 8 characters
        </Text>
      </View>
      <View
        style={
          {
            "alignItems": "center",
            "flexDirection": "row",
          }
        }
      >
        <input
          checked={false}
          disabled={true}
          style={
            {
              "color": "#C1AEA7",
            }
          }
          type="checkbox"
        />
        <Text
          style={
            {
              "fontSize": 16,
              "marginBottom": 0,
              "marginTop": 0,
              "paddingHorizontal": 0,
              "paddingVertical": 0,
            }
          }
        >
          At least one uppercase and lowercase letter
        </Text>
      </View>
      <View
        style={
          {
            "alignItems": "center",
            "flexDirection": "row",
          }
        }
      >
        <input
          checked={false}
          disabled={true}
          style={
            {
              "color": "#C1AEA7",
            }
          }
          type="checkbox"
        />
        <Text
          style={
            {
              "fontSize": 16,
              "marginBottom": 0,
              "marginTop": 0,
              "paddingHorizontal": 0,
              "paddingVertical": 0,
            }
          }
        >
          At least one number and special character
        </Text>
      </View>
    </View>
    <View
      style={
        {
          "borderBottomColor": "#401201",
          "borderBottomWidth": 1,
          "marginBottom": 10,
          "width": "100%",
        }
      }
    >
      <TextInput
        onChangeText={[Function]}
        placeholder="Confirm Password"
        secureTextEntry={true}
        style={
          {
            "fontSize": 16,
            "height": 50,
            "paddingHorizontal": 10,
          }
        }
        value=""
      />
    </View>
    <View
      style={
        {
          "borderBottomColor": "#401201",
          "borderBottomWidth": 1,
          "marginBottom": 10,
          "width": "100%",
        }
      }
    >
      <TextInput
        onChangeText={[Function]}
        placeholder="Phone Number"
        style={
          {
            "fontSize": 16,
            "height": 50,
            "paddingHorizontal": 10,
          }
        }
        value=""
      />
    </View>
    <View
      style={
        {
          "borderBottomColor": "#401201",
          "borderBottomWidth": 1,
          "marginBottom": 10,
          "width": "100%",
        }
      }
    >
      <TextInput
        onChangeText={[Function]}
        placeholder="Address"
        style={
          {
            "fontSize": 16,
            "height": 50,
            "paddingHorizontal": 10,
          }
        }
        value=""
      />
    </View>
  </View>
  <View
    accessibilityState={
      {
        "busy": undefined,
        "checked": undefined,
        "disabled": undefined,
        "expanded": undefined,
        "selected": undefined,
      }
    }
    accessibilityValue={
      {
        "max": undefined,
        "min": undefined,
        "now": undefined,
        "text": undefined,
      }
    }
    accessible={true}
    collapsable={false}
    focusable={true}
    onClick={[Function]}
    onResponderGrant={[Function]}
    onResponderMove={[Function]}
    onResponderRelease={[Function]}
    onResponderTerminate={[Function]}
    onResponderTerminationRequest={[Function]}
    onStartShouldSetResponder={[Function]}
    style={
      {
        "alignItems": "center",
        "backgroundColor": "#D9C3A9",
        "borderRadius": 5,
        "height": 50,
        "justifyContent": "center",
        "marginBottom": 10,
        "opacity": 1,
        "width": "60%",
      }
    }
  >
    <Text
      style={
        {
          "color": "#260101",
          "fontSize": 18,
          "fontWeight": "bold",
        }
      }
    >
      Register
    </Text>
  </View>
  <View
    accessibilityState={
      {
        "busy": undefined,
        "checked": undefined,
        "disabled": undefined,
        "expanded": undefined,
        "selected": undefined,
      }
    }
    accessibilityValue={
      {
        "max": undefined,
        "min": undefined,
        "now": undefined,
        "text": undefined,
      }
    }
    accessible={true}
    collapsable={false}
    focusable={true}
    onClick={[Function]}
    onResponderGrant={[Function]}
    onResponderMove={[Function]}
    onResponderRelease={[Function]}
    onResponderTerminate={[Function]}
    onResponderTerminationRequest={[Function]}
    onStartShouldSetResponder={[Function]}
    style={
      {
        "opacity": 1,
      }
    }
  >
    <Text
      style={
        {
          "fontSize": 16,
          "marginBottom": 10,
          "textAlign": "center",
        }
      }
    >
      Already have an account?
    </Text>
  </View>
</View>
`;
